[     614ms] [INFO] Banner not shown: beforeinstallpromptevent.preventDefault() called. The page must call beforeinstallpromptevent.prompt() to show the banner. @ https://www.instagram.com/mansibachate/:0
[     980ms] [LOG] 
%cStop! font-family:helvetica; font-size:20px; font-size:50px; font-weight:bold; color:red; -webkit-text-stroke:1px black; @ https://static.cdninstagram.com/rsrc.php/v4/yI/r/A3PSxQB1RSd.js:243
[     980ms] [LOG] 
%cThis is a browser feature intended for developers. If someone told you to copy-paste something here to enable an Instagram feature or "hack" someone's account, it is a scam and will give them access to your Instagram account. font-family:helvetica; font-size:20px;  @ https://static.cdninstagram.com/rsrc.php/v4/yI/r/A3PSxQB1RSd.js:243
[     980ms] [LOG] 
%cSee https://www.facebook.com/selfxss for more information. font-family:helvetica; font-size:20px;  @ https://static.cdninstagram.com/rsrc.php/v4/yI/r/A3PSxQB1RSd.js:243
[     980ms] [LOG] 
%c  @ https://static.cdninstagram.com/rsrc.php/v4/yI/r/A3PSxQB1RSd.js:243
[    2230ms] [ERROR] Failed to load resource: the server responded with a status of 400 () @ https://www.instagram.com/graphql/query/?doc_id=18113378221181848&variables=%7B%22include_chaining%22%3Afalse%2C%22include_highlight_reels%22%3Afalse%2C%22include_live_status%22%3Afalse%2C%22include_logged_out_extras%22%3Atrue%2C%22include_reel%22%3Afalse%2C%22include_suggested_users%22%3Afalse%2C%22user_id%22%3A%225608904612%22%7D:0
[    2237ms] [ERROR] ErrorUtils caught an error:

 [Caught in: unexpected]

Subsequent non-fatal errors won't be logged; see https://fburl.com/debugjs. {clientTime: 1778794988, extra: Object, guardList: Array(0), hash: nu0abq, isNormalizedError: true} @ https://static.cdninstagram.com/rsrc.php/v4/yI/r/A3PSxQB1RSd.js:78
[    7639ms] [VERBOSE] [DOM] Input elements should have autocomplete attributes (suggested: "current-password"): (More info: https://goo.gl/9p2vKq) %o @ https://www.instagram.com/accounts/login/?source=desktop_dynamic_landing_dialog:0
[   23563ms] [LOG] 
%cStop! font-family:helvetica; font-size:20px; font-size:50px; font-weight:bold; color:red; -webkit-text-stroke:1px black; @ https://static.cdninstagram.com/rsrc.php/v4/yB/r/baHt-Wtu6CG.js:243
[   23563ms] [LOG] 
%cThis is a browser feature intended for developers. If someone told you to copy-paste something here to enable an Instagram feature or "hack" someone's account, it is a scam and will give them access to your Instagram account. font-family:helvetica; font-size:20px;  @ https://static.cdninstagram.com/rsrc.php/v4/yB/r/baHt-Wtu6CG.js:243
[   23563ms] [LOG] 
%cSee https://www.facebook.com/selfxss for more information. font-family:helvetica; font-size:20px;  @ https://static.cdninstagram.com/rsrc.php/v4/yB/r/baHt-Wtu6CG.js:243
[   23563ms] [LOG] 
%c  @ https://static.cdninstagram.com/rsrc.php/v4/yB/r/baHt-Wtu6CG.js:243
[   23854ms] [INFO] Banner not shown: beforeinstallpromptevent.preventDefault() called. The page must call beforeinstallpromptevent.prompt() to show the banner. @ https://www.instagram.com/accounts/onetap/:0
[   28772ms] [LOG] 
%cStop! font-family:helvetica; font-size:20px; font-size:50px; font-weight:bold; color:red; -webkit-text-stroke:1px black; @ https://static.cdninstagram.com/rsrc.php/v4/yB/r/baHt-Wtu6CG.js:243
[   28773ms] [LOG] 
%cThis is a browser feature intended for developers. If someone told you to copy-paste something here to enable an Instagram feature or "hack" someone's account, it is a scam and will give them access to your Instagram account. font-family:helvetica; font-size:20px;  @ https://static.cdninstagram.com/rsrc.php/v4/yB/r/baHt-Wtu6CG.js:243
[   28773ms] [LOG] 
%cSee https://www.facebook.com/selfxss for more information. font-family:helvetica; font-size:20px;  @ https://static.cdninstagram.com/rsrc.php/v4/yB/r/baHt-Wtu6CG.js:243
[   28773ms] [LOG] 
%c  @ https://static.cdninstagram.com/rsrc.php/v4/yB/r/baHt-Wtu6CG.js:243
[   28858ms] [INFO] Banner not shown: beforeinstallpromptevent.preventDefault() called. The page must call beforeinstallpromptevent.prompt() to show the banner. @ https://www.instagram.com/:0
[   32157ms] [ERROR] Permissions policy violation: unload is not allowed in this document. @ https://static.xx.fbcdn.net/rsrc.php/v4/yI/r/A3PSxQB1RSd.js:239
